// Vitest Snapshot v1, https://vitest.dev/guide/snapshot.html

exports[`parse #export(foo) with trailing space 1`] = `
[
  {
    "args": [
      "Elem",
    ],
    "end": 20,
    "kind": "export",
    "start": 5,
  },
]
`;

exports[`parse import foo/bar 1`] = `
[
  {
    "end": 14,
    "imports": ImportTree {
      "segments": [
        SimpleSegment {
          "args": undefined,
          "as": undefined,
          "name": "foo",
        },
        SimpleSegment {
          "args": undefined,
          "as": undefined,
          "name": "bar",
        },
      ],
    },
    "kind": "treeImport",
    "start": 0,
  },
]
`;
